[
  {
    "number": 7,
    "tool": "CodeQL",
    "rule_id": "rust/cleartext-logging",
    "rule_name": "rust/cleartext-logging",
    "severity": "high",
    "created_at": "2026-08-27T14:31:31Z",
    "updated_at": "2026-08-27T14:31:31Z",
    "url": "https://github.com/Avkroken/bastion/security/code-scanning/7",
    "ref": "refs/heads/main",
    "category": "/language:rust",
    "file": "LinuxApp/src/bitwarden.rs",
    "start_line": 164,
    "end_line": 164
  },
  {
    "number": 8,
    "tool": "CodeQL",
    "rule_id": "rust/cleartext-logging",
    "rule_name": "rust/cleartext-logging",
    "severity": "high",
    "created_at": "2026-08-27T14:31:31Z",
    "updated_at": "2026-08-27T14:31:31Z",
    "url": "https://github.com/Avkroken/bastion/security/code-scanning/8",
    "ref": "refs/heads/main",
    "category": "/language:rust",
    "file": "LinuxApp/src/key_deploy.rs",
    "start_line": 528,
    "end_line": 528
  }
]
